================================================================
Harness Health Report — 2026-09-14 16:34:31
================================================================
[1] 体系存活 (verify.sh)
    状态: PASS    耗时: 6s
[2] 测试规模
    总数: 17    本月新增: 17    跳过: 0
[3] PITFALLS 进化速度
    本月新增条目: 7    已固化自动拦截: 6/7 (85%)
[4] 重复错误模式
    🔴 契约相关: 2 次
    🔴 pre-commit 暂存丢改动: 2 次
[5] 活文档新鲜度
    STATUS.md 距上次更新: 0 天
    距最后一次 commit: 0 天
[6] Spec 覆盖
    有 spec: 9/10    裸奔: 1 (effects)
[7] 规则膨胀监控
    AGENTS.md: 38 行 (阈值 150) ✅
    agent 提示词: 72 行 (阈值 120) ✅
================================================================
Harness Health Report — 2026-09-14 16:34:48
================================================================
[1] 体系存活 (verify.sh)
    状态: PASS    耗时: 6s
[2] 测试规模
    总数: 17    本月新增: 17    跳过: 0
[3] PITFALLS 进化速度
    本月新增条目: 7    已固化自动拦截: 6/7 (85%)
[4] 重复错误模式
    🔴 契约失修/失配: 2 次
[5] 活文档新鲜度
    STATUS.md 距上次更新: 0 天
    距最后一次 commit: 0 天
[6] Spec 覆盖
    有 spec: 9/10    裸奔: 1 (effects)
[7] 规则膨胀监控
    AGENTS.md: 38 行 (阈值 150) ✅
    agent 提示词: 72 行 (阈值 120) ✅
